Archive member included to satisfy reference by file (symbol)

c:/st/stm32cubeide_1.4.0/stm32cubeide/plugins/com.st.stm32cube.ide.mcu.externaltools.gnu-tools-for-stm32.7-2018-q2-update.win32_1.5.0.202011040924/tools/bin/../lib/gcc/arm-none-eabi/7.3.1/../../../../arm-none-eabi/lib/thumb/v7e-m/fpv4-sp/hard\libc_nano.a(lib_a-errno.o)
                              Src/syscalls.o (__errno)
c:/st/stm32cubeide_1.4.0/stm32cubeide/plugins/com.st.stm32cube.ide.mcu.externaltools.gnu-tools-for-stm32.7-2018-q2-update.win32_1.5.0.202011040924/tools/bin/../lib/gcc/arm-none-eabi/7.3.1/../../../../arm-none-eabi/lib/thumb/v7e-m/fpv4-sp/hard\libc_nano.a(lib_a-exit.o)
                              c:/st/stm32cubeide_1.4.0/stm32cubeide/plugins/com.st.stm32cube.ide.mcu.externaltools.gnu-tools-for-stm32.7-2018-q2-update.win32_1.5.0.202011040924/tools/bin/../lib/gcc/arm-none-eabi/7.3.1/../../../../arm-none-eabi/lib/thumb/v7e-m/fpv4-sp/hard/crt0.o (exit)
c:/st/stm32cubeide_1.4.0/stm32cubeide/plugins/com.st.stm32cube.ide.mcu.externaltools.gnu-tools-for-stm32.7-2018-q2-update.win32_1.5.0.202011040924/tools/bin/../lib/gcc/arm-none-eabi/7.3.1/../../../../arm-none-eabi/lib/thumb/v7e-m/fpv4-sp/hard\libc_nano.a(lib_a-impure.o)
                              c:/st/stm32cubeide_1.4.0/stm32cubeide/plugins/com.st.stm32cube.ide.mcu.externaltools.gnu-tools-for-stm32.7-2018-q2-update.win32_1.5.0.202011040924/tools/bin/../lib/gcc/arm-none-eabi/7.3.1/../../../../arm-none-eabi/lib/thumb/v7e-m/fpv4-sp/hard\libc_nano.a(lib_a-exit.o) (_global_impure_ptr)
c:/st/stm32cubeide_1.4.0/stm32cubeide/plugins/com.st.stm32cube.ide.mcu.externaltools.gnu-tools-for-stm32.7-2018-q2-update.win32_1.5.0.202011040924/tools/bin/../lib/gcc/arm-none-eabi/7.3.1/../../../../arm-none-eabi/lib/thumb/v7e-m/fpv4-sp/hard\libc_nano.a(lib_a-init.o)
                              c:/st/stm32cubeide_1.4.0/stm32cubeide/plugins/com.st.stm32cube.ide.mcu.externaltools.gnu-tools-for-stm32.7-2018-q2-update.win32_1.5.0.202011040924/tools/bin/../lib/gcc/arm-none-eabi/7.3.1/../../../../arm-none-eabi/lib/thumb/v7e-m/fpv4-sp/hard/crt0.o (__libc_init_array)
c:/st/stm32cubeide_1.4.0/stm32cubeide/plugins/com.st.stm32cube.ide.mcu.externaltools.gnu-tools-for-stm32.7-2018-q2-update.win32_1.5.0.202011040924/tools/bin/../lib/gcc/arm-none-eabi/7.3.1/../../../../arm-none-eabi/lib/thumb/v7e-m/fpv4-sp/hard\libc_nano.a(lib_a-memset.o)
                              c:/st/stm32cubeide_1.4.0/stm32cubeide/plugins/com.st.stm32cube.ide.mcu.externaltools.gnu-tools-for-stm32.7-2018-q2-update.win32_1.5.0.202011040924/tools/bin/../lib/gcc/arm-none-eabi/7.3.1/../../../../arm-none-eabi/lib/thumb/v7e-m/fpv4-sp/hard/crt0.o (memset)
c:/st/stm32cubeide_1.4.0/stm32cubeide/plugins/com.st.stm32cube.ide.mcu.externaltools.gnu-tools-for-stm32.7-2018-q2-update.win32_1.5.0.202011040924/tools/bin/../lib/gcc/arm-none-eabi/7.3.1/../../../../arm-none-eabi/lib/thumb/v7e-m/fpv4-sp/hard\libc_nano.a(lib_a-strlen.o)
                              Src/clock.o (strlen)

Allocating common symbols
Common symbol       size              file

alrm2_ss            0x1               Src/clock_menu_manager.o
I2C_1               0xc               Src/clock.o
alrm1_ss            0x1               Src/clock_menu_manager.o
alarm2              0x4               Src/clock.o
alarm1              0x4               Src/clock.o

Discarded input sections

 .text          0x0000000000000000        0x0 c:/st/stm32cubeide_1.4.0/stm32cubeide/plugins/com.st.stm32cube.ide.mcu.externaltools.gnu-tools-for-stm32.7-2018-q2-update.win32_1.5.0.202011040924/tools/bin/../lib/gcc/arm-none-eabi/7.3.1/thumb/v7e-m/fpv4-sp/hard/crti.o
 .data          0x0000000000000000        0x0 c:/st/stm32cubeide_1.4.0/stm32cubeide/plugins/com.st.stm32cube.ide.mcu.externaltools.gnu-tools-for-stm32.7-2018-q2-update.win32_1.5.0.202011040924/tools/bin/../lib/gcc/arm-none-eabi/7.3.1/thumb/v7e-m/fpv4-sp/hard/crti.o
 .bss           0x0000000000000000        0x0 c:/st/stm32cubeide_1.4.0/stm32cubeide/plugins/com.st.stm32cube.ide.mcu.externaltools.gnu-tools-for-stm32.7-2018-q2-update.win32_1.5.0.202011040924/tools/bin/../lib/gcc/arm-none-eabi/7.3.1/thumb/v7e-m/fpv4-sp/hard/crti.o
 .data          0x0000000000000000        0x4 c:/st/stm32cubeide_1.4.0/stm32cubeide/plugins/com.st.stm32cube.ide.mcu.externaltools.gnu-tools-for-stm32.7-2018-q2-update.win32_1.5.0.202011040924/tools/bin/../lib/gcc/arm-none-eabi/7.3.1/thumb/v7e-m/fpv4-sp/hard/crtbegin.o
 .text          0x0000000000000000       0x74 c:/st/stm32cubeide_1.4.0/stm32cubeide/plugins/com.st.stm32cube.ide.mcu.externaltools.gnu-tools-for-stm32.7-2018-q2-update.win32_1.5.0.202011040924/tools/bin/../lib/gcc/arm-none-eabi/7.3.1/../../../../arm-none-eabi/lib/thumb/v7e-m/fpv4-sp/hard/crt0.o
[...]
Memory Configuration

Name             Origin             Length             Attributes
RAM              0x0000000020000000 0x0000000000020000 xrw
FLASH            0x0000000008000000 0x0000000000100000 xr
*default*        0x0000000000000000 0xffffffffffffffff

Linker script and memory map

LOAD c:/st/stm32cubeide_1.4.0/stm32cubeide/plugins/com.st.stm32cube.ide.mcu.externaltools.gnu-tools-for-stm32.7-2018-q2-update.win32_1.5.0.202011040924/tools/bin/../lib/gcc/arm-none-eabi/7.3.1/thumb/v7e-m/fpv4-sp/hard/crti.o
LOAD c:/st/stm32cubeide_1.4.0/stm32cubeide/plugins/com.st.stm32cube.ide.mcu.externaltools.gnu-tools-for-stm32.7-2018-q2-update.win32_1.5.0.202011040924/tools/bin/../lib/gcc/arm-none-eabi/7.3.1/thumb/v7e-m/fpv4-sp/hard/crtbegin.o
LOAD c:/st/stm32cubeide_1.4.0/stm32cubeide/plugins/com.st.stm32cube.ide.mcu.externaltools.gnu-tools-for-stm32.7-2018-q2-update.win32_1.5.0.202011040924/tools/bin/../lib/gcc/arm-none-eabi/7.3.1/../../../../arm-none-eabi/lib/thumb/v7e-m/fpv4-sp/hard/crt0.o
LOAD Bsp/DS3231.o
LOAD Bsp/LCD.o
LOAD Drivers/SRC/ stm32f407xx_gpio_driver.o
LOAD Drivers/SRC/stm32f407xx_i2c_driver.o
LOAD Drivers/SRC/stm32f407xx_rcc.o
LOAD Drivers/SRC/stm32f407xx_spi_driver.o
LOAD Drivers/SRC/stm32f407xx_usart_driver.o
LOAD Src/clock.o
LOAD Src/clock_menu_manager.o
LOAD Src/keypad.o
LOAD Src/syscalls.o
LOAD Src/sysmem.o
LOAD Startup/startup_stm32f407vgtx.o
START GROUP
LOAD c:/st/stm32cubeide_1.4.0/stm32cubeide/plugins/com.st.stm32cube.ide.mcu.externaltools.gnu-tools-for-stm32.7-2018-q2-update.win32_1.5.0.202011040924/tools/bin/../lib/gcc/arm-none-eabi/7.3.1/../../../../arm-none-eabi/lib/thumb/v7e-m/fpv4-sp/hard\libc_nano.a
LOAD c:/st/stm32cubeide_1.4.0/stm32cubeide/plugins/com.st.stm32cube.ide.mcu.externaltools.gnu-tools-for-stm32.7-2018-q2-update.win32_1.5.0.202011040924/tools/bin/../lib/gcc/arm-none-eabi/7.3.1/../../../../arm-none-eabi/lib/thumb/v7e-m/fpv4-sp/hard\libm.a
END GROUP
START GROUP
LOAD c:/st/stm32cubeide_1.4.0/stm32cubeide/plugins/com.st.stm32cube.ide.mcu.externaltools.gnu-tools-for-stm32.7-2018-q2-update.win32_1.5.0.202011040924/tools/bin/../lib/gcc/arm-none-eabi/7.3.1/thumb/v7e-m/fpv4-sp/hard\libgcc.a
LOAD c:/st/stm32cubeide_1.4.0/stm32cubeide/plugins/com.st.stm32cube.ide.mcu.externaltools.gnu-tools-for-stm32.7-2018-q2-update.win32_1.5.0.202011040924/tools/bin/../lib/gcc/arm-none-eabi/7.3.1/../../../../arm-none-eabi/lib/thumb/v7e-m/fpv4-sp/hard\libc_nano.a
END GROUP
START GROUP
LOAD c:/st/stm32cubeide_1.4.0/stm32cubeide/plugins/com.st.stm32cube.ide.mcu.externaltools.gnu-tools-for-stm32.7-2018-q2-update.win32_1.5.0.202011040924/tools/bin/../lib/gcc/arm-none-eabi/7.3.1/thumb/v7e-m/fpv4-sp/hard\libgcc.a
LOAD c:/st/stm32cubeide_1.4.0/stm32cubeide/plugins/com.st.stm32cube.ide.mcu.externaltools.gnu-tools-for-stm32.7-2018-q2-update.win32_1.5.0.202011040924/tools/bin/../lib/gcc/arm-none-eabi/7.3.1/../../../../arm-none-eabi/lib/thumb/v7e-m/fpv4-sp/hard\libc_nano.a
LOAD c:/st/stm32cubeide_1.4.0/stm32cubeide/plugins/com.st.stm32cube.ide.mcu.externaltools.gnu-tools-for-stm32.7-2018-q2-update.win32_1.5.0.202011040924/tools/bin/../lib/gcc/arm-none-eabi/7.3.1/../../../../arm-none-eabi/lib/thumb/v7e-m/fpv4-sp/hard\libnosys.a
END GROUP
START GROUP
LOAD c:/st/stm32cubeide_1.4.0/stm32cubeide/plugins/com.st.stm32cube.ide.mcu.externaltools.gnu-tools-for-stm32.7-2018-q2-update.win32_1.5.0.202011040924/tools/bin/../lib/gcc/arm-none-eabi/7.3.1/thumb/v7e-m/fpv4-sp/hard\libgcc.a
LOAD c:/st/stm32cubeide_1.4.0/stm32cubeide/plugins/com.st.stm32cube.ide.mcu.externaltools.gnu-tools-for-stm32.7-2018-q2-update.win32_1.5.0.202011040924/tools/bin/../lib/gcc/arm-none-eabi/7.3.1/../../../../arm-none-eabi/lib/thumb/v7e-m/fpv4-sp/hard\libc_nano.a
LOAD c:/st/stm32cubeide_1.4.0/stm32cubeide/plugins/com.st.stm32cube.ide.mcu.externaltools.gnu-tools-for-stm32.7-2018-q2-update.win32_1.5.0.202011040924/tools/bin/../lib/gcc/arm-none-eabi/7.3.1/../../../../arm-none-eabi/lib/thumb/v7e-m/fpv4-sp/hard\libnosys.a
END GROUP
LOAD c:/st/stm32cubeide_1.4.0/stm32cubeide/plugins/com.st.stm32cube.ide.mcu.externaltools.gnu-tools-for-stm32.7-2018-q2-update.win32_1.5.0.202011040924/tools/bin/../lib/gcc/arm-none-eabi/7.3.1/thumb/v7e-m/fpv4-sp/hard/crtend.o
LOAD c:/st/stm32cubeide_1.4.0/stm32cubeide/plugins/com.st.stm32cube.ide.mcu.externaltools.gnu-tools-for-stm32.7-2018-q2-update.win32_1.5.0.202011040924/tools/bin/../lib/gcc/arm-none-eabi/7.3.1/thumb/v7e-m/fpv4-sp/hard/crtn.o
                0x0000000020020000                _estack = (ORIGIN (RAM) + LENGTH (RAM))
                0x0000000000000200                _Min_Heap_Size = 0x200
                0x0000000000000400                _Min_Stack_Size = 0x400

.isr_vector     0x0000000008000000      0x1a8
                0x0000000008000000                . = ALIGN (0x4)
 *(.isr_vector)
 .isr_vector    0x0000000008000000      0x1a8 Startup/startup_stm32f407vgtx.o
                0x0000000008000000                g_pfnVectors
                0x00000000080001a8                . = ALIGN (0x4)

.text           0x00000000080001a8     0x404c
                0x00000000080001a8                . = ALIGN (0x4)
 *(.text)
 .text          0x00000000080001a8       0x40 c:/st/stm32cubeide_1.4.0/stm32cubeide/plugins/com.st.stm32cube.ide.mcu.externaltools.gnu-tools-for-stm32.7-2018-q2-update.win32_1.5.0.202011040924/tools/bin/../lib/gcc/arm-none-eabi/7.3.1/thumb/v7e-m/fpv4-sp/hard/crtbegin.o
 .text          0x00000000080001e8       0x10 c:/st/stm32cubeide_1.4.0/stm32cubeide/plugins/com.st.stm32cube.ide.mcu.externaltools.gnu-tools-for-stm32.7-2018-q2-update.win32_1.5.0.202011040924/tools/bin/../lib/gcc/arm-none-eabi/7.3.1/../../../../arm-none-eabi/lib/thumb/v7e-m/fpv4-sp/hard\libc_nano.a(lib_a-strlen.o)
                0x00000000080001e8                strlen
 *(.text*)
 .text.ds3231_set_time
                0x00000000080001f8       0x9a Bsp/DS3231.o
                0x00000000080001f8                ds3231_set_time
 .text.ds3231_get_time
                0x0000000008000292       0xb2 Bsp/DS3231.o
                0x0000000008000292                ds3231_get_time
 .text.ds3231_set_date
                0x0000000008000344       0x6a Bsp/DS3231.o
                0x0000000008000344                ds3231_set_date
 .text.ds3231_get_date
                0x00000000080003ae       0x72 Bsp/DS3231.o
                0x00000000080003ae                ds3231_get_date
 .text.ds3231_write
                0x0000000008000420       0x34 Bsp/DS3231.o
 .text.ds3231_read
                0x0000000008000454       0x3a Bsp/DS3231.o
 .text.bcd_to_decimal
                0x000000000800048e       0x36 Bsp/DS3231.o
 .text.decimal_to_bcd
                0x00000000080004c4       0x58 Bsp/DS3231.o
 .text.delay    0x000000000800051c       0x2e Bsp/LCD.o
 .text.Lcd_Send_Command
                0x000000000800054a       0xda Bsp/LCD.o
                0x000000000800054a                Lcd_Send_Command
 .text.Lcd_Send_Data
                0x0000000008000624       0xe0 Bsp/LCD.o
                0x0000000008000624                Lcd_Send_Data
 .text.lcd_set_cursor
                0x0000000008000704       0x52 Bsp/LCD.o
                0x0000000008000704                lcd_set_cursor
 .text.lcd_clear_display
                0x0000000008000756       0x18 Bsp/LCD.o
                0x0000000008000756                lcd_clear_display
 *fill*         0x000000000800076e        0x2 
 .text.I2C_lcd_int
                0x0000000008000770       0x54 Bsp/LCD.o
                0x0000000008000770                I2C_lcd_int
 .text.GPIO_PCLKControl
                0x00000000080007c4      0x110 Drivers/SRC/ stm32f407xx_gpio_driver.o
                0x00000000080007c4                GPIO_PCLKControl
 .text.GPIO_Init
                0x00000000080008d4      0x2a4 Drivers/SRC/ stm32f407xx_gpio_driver.o
                0x00000000080008d4                GPIO_Init
 .text.GPIO_Read_InputPin
                0x0000000008000b78       0x30 Drivers/SRC/ stm32f407xx_gpio_driver.o
                0x0000000008000b78                GPIO_Read_InputPin
 .text.GPIO_Write_Outputpin
                0x0000000008000ba8       0x4a Drivers/SRC/ stm32f407xx_gpio_driver.o
                0x0000000008000ba8                GPIO_Write_Outputpin
 *fill*         0x0000000008000bf2        0x2 
 .text.GPIO_IRQConfig
                0x0000000008000bf4       0xa8 Drivers/SRC/ stm32f407xx_gpio_driver.o
                0x0000000008000bf4                GPIO_IRQConfig
 .text.GPIO_IRQHandling
                0x0000000008000c9c       0x30 Drivers/SRC/ stm32f407xx_gpio_driver.o
                0x0000000008000c9c                GPIO_IRQHandling
 .text.I2C_PeripheralControl
                0x0000000008000ccc       0x38 Drivers/SRC/stm32f407xx_i2c_driver.o
                0x0000000008000ccc                I2C_PeripheralControl
 .text.I2C_Peripheral_ACK_Control
                0x0000000008000d04       0x38 Drivers/SRC/stm32f407xx_i2c_driver.o
                0x0000000008000d04                I2C_Peripheral_ACK_Control
 .text.I2C_ClearADDRFlag
                0x0000000008000d3c       0x20 Drivers/SRC/stm32f407xx_i2c_driver.o
 .text.I2C_ExecuteAddrPhase
                0x0000000008000d5c       0x2c Drivers/SRC/stm32f407xx_i2c_driver.o
 .text.I2C_ExecuteAddrPhaseWrite
                0x0000000008000d88       0x2c Drivers/SRC/stm32f407xx_i2c_driver.o
 .text.I2C_GenerateStartCondition
                0x0000000008000db4       0x20 Drivers/SRC/stm32f407xx_i2c_driver.o
 .text.I2C_GenerateStopCondition
                0x0000000008000dd4       0x20 Drivers/SRC/stm32f407xx_i2c_driver.o
 .text.RCC_GetPCLKValue
                0x0000000008000df4       0x90 Drivers/SRC/stm32f407xx_i2c_driver.o
                0x0000000008000df4                RCC_GetPCLKValue
 .text.I2C_PCLKControl
                0x0000000008000e84       0xb0 Drivers/SRC/stm32f407xx_i2c_driver.o
                0x0000000008000e84                I2C_PCLKControl
 .text.I2C_Init
                0x0000000008000f34      0x124 Drivers/SRC/stm32f407xx_i2c_driver.o
                0x0000000008000f34                I2C_Init
 .text.I2C_MasterSendData
                0x0000000008001058       0xa6 Drivers/SRC/stm32f407xx_i2c_driver.o
                0x0000000008001058                I2C_MasterSendData
 .text.I2C_GetFlagStatus
                0x00000000080010fe       0x2a Drivers/SRC/stm32f407xx_i2c_driver.o
                0x00000000080010fe                I2C_GetFlagStatus
 .text.I2C_RecieveData
                0x0000000008001128      0x124 Drivers/SRC/stm32f407xx_i2c_driver.o
                0x0000000008001128                I2C_RecieveData
 .text.GetCLKValue
                0x000000000800124c       0xb4 Drivers/SRC/stm32f407xx_rcc.o
                0x000000000800124c                GetCLKValue
 .text.delay    0x0000000008001300       0x32 Src/clock.o
                0x0000000008001300                delay
 *fill*         0x0000000008001332        0x2 
 .text.I2C1_Gpio_int
                0x0000000008001334       0x44 Src/clock.o
                0x0000000008001334                I2C1_Gpio_int
 .text.I2C1_init
                0x0000000008001378       0x38 Src/clock.o
                0x0000000008001378                I2C1_init
 .text.switch_config
                0x00000000080013b0       0x34 Src/clock.o
                0x00000000080013b0                switch_config
 .text.mode_interrupt
                0x00000000080013e4       0x34 Src/clock.o
                0x00000000080013e4                mode_interrupt
 .text.main     0x0000000008001418       0xf0 Src/clock.o
                0x0000000008001418                main
 .text.set_systick_timer
                0x0000000008001508       0x70 Src/clock.o
                0x0000000008001508                set_systick_timer
 .text.SysTick_Handler
                0x0000000008001578      0x438 Src/clock.o
                0x0000000008001578                SysTick_Handler
 .text.rtc_lcd_int
                0x00000000080019b0      0x240 Src/clock.o
                0x00000000080019b0                rtc_lcd_int
 .text.set_rtc_alrm1
                0x0000000008001bf0       0x44 Src/clock.o
                0x0000000008001bf0                set_rtc_alrm1
 .text.set_rtc_alrm2
                0x0000000008001c34       0x44 Src/clock.o
                0x0000000008001c34                set_rtc_alrm2
 .text.set_rtc_time
                0x0000000008001c78       0x48 Src/clock.o
                0x0000000008001c78                set_rtc_time
 .text.set_rtc_date
                0x0000000008001cc0       0x48 Src/clock.o
                0x0000000008001cc0                set_rtc_date
 .text.EXTI1_IRQHandler
                0x0000000008001d08       0x18 Src/clock.o
                0x0000000008001d08                EXTI1_IRQHandler
 .text.menu_manager
                0x0000000008001d20     0x22a0 Src/clock_menu_manager.o
                0x0000000008001d20                menu_manager
 .text.keypad_config
                0x0000000008003fc0       0x74 Src/keypad.o
                0x0000000008003fc0                keypad_config
 .text.keypad_scan
                0x0000000008004034      0x10c Src/keypad.o
                0x0000000008004034                keypad_scan
 .text.Reset_Handler
                0x0000000008004140       0x50 Startup/startup_stm32f407vgtx.o
                0x0000000008004140                Reset_Handler
 .text.Default_Handler
                0x0000000008004190        0x2 Startup/startup_stm32f407vgtx.o
                0x0000000008004190                RTC_Alarm_IRQHandler
                0x0000000008004190                HASH_RNG_IRQHandler
                0x0000000008004190                EXTI2_IRQHandler
                0x0000000008004190                TIM8_CC_IRQHandler
                0x0000000008004190                DebugMon_Handler
                0x0000000008004190                TIM1_CC_IRQHandler
                0x0000000008004190                DMA2_Stream5_IRQHandler
                0x0000000008004190                HardFault_Handler
                0x0000000008004190                DMA1_Stream5_IRQHandler
                0x0000000008004190                PVD_IRQHandler
                0x0000000008004190                SDIO_IRQHandler
                0x0000000008004190                TAMP_STAMP_IRQHandler
                0x0000000008004190                PendSV_Handler
                0x0000000008004190                NMI_Handler
                0x0000000008004190                CAN2_RX1_IRQHandler
                0x0000000008004190                EXTI3_IRQHandler
                0x0000000008004190                TIM8_TRG_COM_TIM14_IRQHandler
                0x0000000008004190                TIM1_UP_TIM10_IRQHandler
                0x0000000008004190                TIM8_UP_TIM13_IRQHandler
                0x0000000008004190                I2C3_ER_IRQHandler
                0x0000000008004190                LCD_TFT_IRQHandler
                0x0000000008004190                EXTI0_IRQHandler
                0x0000000008004190                I2C2_EV_IRQHandler
                0x0000000008004190                DMA1_Stream2_IRQHandler
                0x0000000008004190                CAN1_RX0_IRQHandler
                0x0000000008004190                FPU_IRQHandler
                0x0000000008004190                OTG_HS_WKUP_IRQHandler
                0x0000000008004190                UsageFault_Handler
                0x0000000008004190                CAN2_SCE_IRQHandler
                0x0000000008004190                DMA2_Stream2_IRQHandler
                0x0000000008004190                SPI1_IRQHandler
                0x0000000008004190                TIM6_DAC_IRQHandler
                0x0000000008004190                TIM1_BRK_TIM9_IRQHandler
                0x0000000008004190                DCMI_IRQHandler
                0x0000000008004190                CAN2_RX0_IRQHandler
                0x0000000008004190                DMA2_Stream3_IRQHandler
                0x0000000008004190                USART6_IRQHandler
                0x0000000008004190                USART3_IRQHandler
                0x0000000008004190                CRYP_IRQHandler
                0x0000000008004190                CAN1_RX1_IRQHandler
                0x0000000008004190                UART5_IRQHandler
                0x0000000008004190                DMA2_Stream0_IRQHandler
                0x0000000008004190                TIM4_IRQHandler
                0x0000000008004190                I2C1_EV_IRQHandler
                0x0000000008004190                DMA1_Stream6_IRQHandler
                0x0000000008004190                DMA1_Stream1_IRQHandler
                0x0000000008004190                UART4_IRQHandler
                0x0000000008004190                LCD_TFT_1_IRQHandler
                0x0000000008004190                TIM3_IRQHandler
                0x0000000008004190                RCC_IRQHandler
                0x0000000008004190                TIM8_BRK_TIM12_IRQHandler
                0x0000000008004190                Default_Handler
                0x0000000008004190                EXTI15_10_IRQHandler
                0x0000000008004190                ADC_IRQHandler
                0x0000000008004190                DMA1_Stream7_IRQHandler
                0x0000000008004190                TIM7_IRQHandler
                0x0000000008004190                CAN2_TX_IRQHandler
                0x0000000008004190                TIM5_IRQHandler
                0x0000000008004190                DMA2_Stream7_IRQHandler
                0x0000000008004190                I2C3_EV_IRQHandler
                0x0000000008004190                EXTI9_5_IRQHandler
                0x0000000008004190                RTC_WKUP_IRQHandler
                0x0000000008004190                ETH_WKUP_IRQHandler
                0x0000000008004190                SPI2_IRQHandler
                0x0000000008004190                OTG_HS_EP1_IN_IRQHandler
                0x0000000008004190                MemManage_Handler
                0x0000000008004190                DMA1_Stream0_IRQHandler
                0x0000000008004190                CAN1_TX_IRQHandler
                0x0000000008004190                SVC_Handler
                0x0000000008004190                EXTI4_IRQHandler
                0x0000000008004190                FSMC_IRQHandler
                0x0000000008004190                ETH_IRQHandler
                0x0000000008004190                OTG_HS_EP1_OUT_IRQHandler
                0x0000000008004190                WWDG_IRQHandler
                0x0000000008004190                TIM2_IRQHandler
                0x0000000008004190                OTG_FS_WKUP_IRQHandler
                0x0000000008004190                TIM1_TRG_COM_TIM11_IRQHandler
                0x0000000008004190                OTG_HS_IRQHandler
                0x0000000008004190                USART2_IRQHandler
                0x0000000008004190                I2C2_ER_IRQHandler
                0x0000000008004190                DMA2_Stream1_IRQHandler
                0x0000000008004190                CAN1_SCE_IRQHandler
                0x0000000008004190                DMA2_Stream4_IRQHandler
                0x0000000008004190                BusFault_Handler
                0x0000000008004190                USART1_IRQHandler
                0x0000000008004190                OTG_FS_IRQHandler
                0x0000000008004190                SPI3_IRQHandler
                0x0000000008004190                DMA1_Stream4_IRQHandler
                0x0000000008004190                I2C1_ER_IRQHandler
                0x0000000008004190                DMA2_Stream6_IRQHandler
                0x0000000008004190                DMA1_Stream3_IRQHandler
 *fill*         0x0000000008004192        0x2 
 .text.__libc_init_array
                0x0000000008004194       0x48 c:/st/stm32cubeide_1.4.0/stm32cubeide/plugins/com.st.stm32cube.ide.mcu.externaltools.gnu-tools-for-stm32.7-2018-q2-update.win32_1.5.0.202011040924/tools/bin/../lib/gcc/arm-none-eabi/7.3.1/../../../../arm-none-eabi/lib/thumb/v7e-m/fpv4-sp/hard\libc_nano.a(lib_a-init.o)
                0x0000000008004194                __libc_init_array
 *(.glue_7)
 .glue_7        0x00000000080041dc        0x0 linker stubs
 *(.glue_7t)
 .glue_7t       0x00000000080041dc        0x0 linker stubs
 *(.eh_frame)
 .eh_frame      0x00000000080041dc        0x0 c:/st/stm32cubeide_1.4.0/stm32cubeide/plugins/com.st.stm32cube.ide.mcu.externaltools.gnu-tools-for-stm32.7-2018-q2-update.win32_1.5.0.202011040924/tools/bin/../lib/gcc/arm-none-eabi/7.3.1/thumb/v7e-m/fpv4-sp/hard/crtbegin.o
 *(.init)
 .init          0x00000000080041dc        0x4 c:/st/stm32cubeide_1.4.0/stm32cubeide/plugins/com.st.stm32cube.ide.mcu.externaltools.gnu-tools-for-stm32.7-2018-q2-update.win32_1.5.0.202011040924/tools/bin/../lib/gcc/arm-none-eabi/7.3.1/thumb/v7e-m/fpv4-sp/hard/crti.o
                0x00000000080041dc                _init
 .init          0x00000000080041e0        0x8 c:/st/stm32cubeide_1.4.0/stm32cubeide/plugins/com.st.stm32cube.ide.mcu.externaltools.gnu-tools-for-stm32.7-2018-q2-update.win32_1.5.0.202011040924/tools/bin/../lib/gcc/arm-none-eabi/7.3.1/thumb/v7e-m/fpv4-sp/hard/crtn.o
 *(.fini)
 .fini          0x00000000080041e8        0x4 c:/st/stm32cubeide_1.4.0/stm32cubeide/plugins/com.st.stm32cube.ide.mcu.externaltools.gnu-tools-for-stm32.7-2018-q2-update.win32_1.5.0.202011040924/tools/bin/../lib/gcc/arm-none-eabi/7.3.1/thumb/v7e-m/fpv4-sp/hard/crti.o
                0x00000000080041e8                _fini
 .fini          0x00000000080041ec        0x8 c:/st/stm32cubeide_1.4.0/stm32cubeide/plugins/com.st.stm32cube.ide.mcu.externaltools.gnu-tools-for-stm32.7-2018-q2-update.win32_1.5.0.202011040924/tools/bin/../lib/gcc/arm-none-eabi/7.3.1/thumb/v7e-m/fpv4-sp/hard/crtn.o
                0x00000000080041f4                . = ALIGN (0x4)
                0x00000000080041f4                _etext = .

.vfp11_veneer   0x00000000080041f4        0x0
 .vfp11_veneer  0x00000000080041f4        0x0 linker stubs

.v4_bx          0x00000000080041f4        0x0
 .v4_bx         0x00000000080041f4        0x0 linker stubs

.iplt           0x00000000080041f4        0x0
 .iplt          0x00000000080041f4        0x0 c:/st/stm32cubeide_1.4.0/stm32cubeide/plugins/com.st.stm32cube.ide.mcu.externaltools.gnu-tools-for-stm32.7-2018-q2-update.win32_1.5.0.202011040924/tools/bin/../lib/gcc/arm-none-eabi/7.3.1/thumb/v7e-m/fpv4-sp/hard/crtbegin.o

.rodata         0x00000000080041f4       0x60
                0x00000000080041f4                . = ALIGN (0x4)
 *(.rodata)
 .rodata        0x00000000080041f4        0x6 Bsp/LCD.o
 *fill*         0x00000000080041fa        0x2 
 .rodata        0x00000000080041fc       0x1f Src/clock.o
 *fill*         0x000000000800421b        0x1 
 .rodata        0x000000000800421c       0x38 Src/clock_menu_manager.o
 *(.rodata*)
                0x0000000008004254                . = ALIGN (0x4)

.rel.dyn        0x0000000008004254        0x0
 .rel.iplt      0x0000000008004254        0x0 c:/st/stm32cubeide_1.4.0/stm32cubeide/plugins/com.st.stm32cube.ide.mcu.externaltools.gnu-tools-for-stm32.7-2018-q2-update.win32_1.5.0.202011040924/tools/bin/../lib/gcc/arm-none-eabi/7.3.1/thumb/v7e-m/fpv4-sp/hard/crtbegin.o

.ARM.extab      0x0000000008004254        0x0
                0x0000000008004254                . = ALIGN (0x4)
 *(.ARM.extab* .gnu.linkonce.armextab.*)
                0x0000000008004254                . = ALIGN (0x4)

.ARM            0x0000000008004254        0x0
                0x0000000008004254                . = ALIGN (0x4)
                0x0000000008004254                __exidx_start = .
 *(.ARM.exidx*)
                0x0000000008004254                __exidx_end = .
                0x0000000008004254                . = ALIGN (0x4)

.preinit_array  0x0000000008004254        0x0
                0x0000000008004254                . = ALIGN (0x4)
                0x0000000008004254                PROVIDE (__preinit_array_start = .)
 *(.preinit_array*)
                0x0000000008004254                PROVIDE (__preinit_array_end = .)
                0x0000000008004254                . = ALIGN (0x4)

.init_array     0x0000000008004254        0x4
                0x0000000008004254                . = ALIGN (0x4)
                0x0000000008004254                PROVIDE (__init_array_start = .)
 *(SORT_BY_NAME(.init_array.*))
 *(.init_array*)
 .init_array    0x0000000008004254        0x4 c:/st/stm32cubeide_1.4.0/stm32cubeide/plugins/com.st.stm32cube.ide.mcu.externaltools.gnu-tools-for-stm32.7-2018-q2-update.win32_1.5.0.202011040924/tools/bin/../lib/gcc/arm-none-eabi/7.3.1/thumb/v7e-m/fpv4-sp/hard/crtbegin.o
                0x0000000008004258                PROVIDE (__init_array_end = .)
                0x0000000008004258                . = ALIGN (0x4)

.fini_array     0x0000000008004258        0x4
                0x0000000008004258                . = ALIGN (0x4)
                [!provide]                        PROVIDE (__fini_array_start = .)
 *(SORT_BY_NAME(.fini_array.*))
 *(.fini_array*)
 .fini_array    0x0000000008004258        0x4 c:/st/stm32cubeide_1.4.0/stm32cubeide/plugins/com.st.stm32cube.ide.mcu.externaltools.gnu-tools-for-stm32.7-2018-q2-update.win32_1.5.0.202011040924/tools/bin/../lib/gcc/arm-none-eabi/7.3.1/thumb/v7e-m/fpv4-sp/hard/crtbegin.o
                [!provide]                        PROVIDE (__fini_array_end = .)
                0x000000000800425c                . = ALIGN (0x4)
                0x000000000800425c                _sidata = LOADADDR (.data)

.data           0x0000000020000000       0x30 load address 0x000000000800425c
                0x0000000020000000                . = ALIGN (0x4)
                0x0000000020000000                _sdata = .
 *(.data)
 *(.data*)
 .data.alarm1_state
                0x0000000020000000        0x1 Src/clock.o
                0x0000000020000000                alarm1_state
 .data.alarm2_state
                0x0000000020000001        0x1 Src/clock.o
                0x0000000020000001                alarm2_state
 .data.menu_mode
                0x0000000020000002        0x1 Src/clock_menu_manager.o
                0x0000000020000002                menu_mode
 .data.select_time
                0x0000000020000003        0x1 Src/clock_menu_manager.o
                0x0000000020000003                select_time
 .data.select_hour
                0x0000000020000004        0x1 Src/clock_menu_manager.o
                0x0000000020000004                select_hour
 .data.select_minute
                0x0000000020000005        0x1 Src/clock_menu_manager.o
                0x0000000020000005                select_minute
 .data.select_second
                0x0000000020000006        0x1 Src/clock_menu_manager.o
                0x0000000020000006                select_second
 .data.select_tf
                0x0000000020000007        0x1 Src/clock_menu_manager.o
                0x0000000020000007                select_tf
 .data.select_mode
                0x0000000020000008        0x1 Src/clock_menu_manager.o
                0x0000000020000008                select_mode
 .data.time_setting
                0x0000000020000009        0x1 Src/clock_menu_manager.o
                0x0000000020000009                time_setting
 .data.select_date
                0x000000002000000a        0x1 Src/clock_menu_manager.o
                0x000000002000000a                select_date
 .data.select_month
                0x000000002000000b        0x1 Src/clock_menu_manager.o
                0x000000002000000b                select_month
 .data.select_year
                0x000000002000000c        0x1 Src/clock_menu_manager.o
                0x000000002000000c                select_year
 .data.select_day
                0x000000002000000d        0x1 Src/clock_menu_manager.o
                0x000000002000000d                select_day
 .data.alrm1_min
                0x000000002000000e        0x1 Src/clock_menu_manager.o
                0x000000002000000e                alrm1_min
 .data.alrm1_hh
                0x000000002000000f        0x1 Src/clock_menu_manager.o
                0x000000002000000f                alrm1_hh
 .data.alrm1_ft
                0x0000000020000010        0x1 Src/clock_menu_manager.o
                0x0000000020000010                alrm1_ft
 .data.alrm2_min
                0x0000000020000011        0x1 Src/clock_menu_manager.o
                0x0000000020000011                alrm2_min
 .data.alrm2_hh
                0x0000000020000012        0x1 Src/clock_menu_manager.o
                0x0000000020000012                alrm2_hh
 .data.alrm2_ft
                0x0000000020000013        0x1 Src/clock_menu_manager.o
                0x0000000020000013                alrm2_ft
 .data.days     0x0000000020000014       0x1c Src/clock_menu_manager.o
                0x0000000020000014                days
 *(.RamFunc)
 *(.RamFunc*)
                0x0000000020000030                . = ALIGN (0x4)
                0x0000000020000030                _edata = .

.igot.plt       0x0000000020000030        0x0 load address 0x000000000800428c
 .igot.plt      0x0000000020000030        0x0 c:/st/stm32cubeide_1.4.0/stm32cubeide/plugins/com.st.stm32cube.ide.mcu.externaltools.gnu-tools-for-stm32.7-2018-q2-update.win32_1.5.0.202011040924/tools/bin/../lib/gcc/arm-none-eabi/7.3.1/thumb/v7e-m/fpv4-sp/hard/crtbegin.o
                0x0000000020000030                . = ALIGN (0x4)

.bss            0x0000000020000030       0x38 load address 0x000000000800428c
                0x0000000020000030                _sbss = .
                0x0000000020000030                __bss_start__ = _sbss
 *(.bss)
 .bss           0x0000000020000030       0x1c c:/st/stm32cubeide_1.4.0/stm32cubeide/plugins/com.st.stm32cube.ide.mcu.externaltools.gnu-tools-for-stm32.7-2018-q2-update.win32_1.5.0.202011040924/tools/bin/../lib/gcc/arm-none-eabi/7.3.1/thumb/v7e-m/fpv4-sp/hard/crtbegin.o
 *(.bss*)
 .bss.mode      0x000000002000004c        0x1 Src/clock_menu_manager.o
                0x000000002000004c                mode
 *(COMMON)
 *fill*         0x000000002000004d        0x3 
 COMMON         0x0000000020000050       0x14 Src/clock.o
                0x0000000020000050                I2C_1
                0x000000002000005c                alarm2
                0x0000000020000060                alarm1
 COMMON         0x0000000020000064        0x2 Src/clock_menu_manager.o
                0x0000000020000064                alrm2_ss
                0x0000000020000065                alrm1_ss
                0x0000000020000068                . = ALIGN (0x4)
 *fill*         0x0000000020000066        0x2 
                0x0000000020000068                _ebss = .
                0x0000000020000068                __bss_end__ = _ebss

._user_heap_stack
                0x0000000020000068      0x600 load address 0x000000000800428c
                0x0000000020000068                . = ALIGN (0x8)
                [!provide]                        PROVIDE (end = .)
                0x0000000020000068                PROVIDE (_end = .)
                0x0000000020000268                . = (. + _Min_Heap_Size)
 *fill*         0x0000000020000068      0x200 
                0x0000000020000668                . = (. + _Min_Stack_Size)
 *fill*         0x0000000020000268      0x400 
                0x0000000020000668                . = ALIGN (0x8)

/DISCARD/
 libc.a(*)
 libm.a(*)
 libgcc.a(*)

.ARM.attributes
                0x0000000000000000       0x30
 *(.ARM.attributes)
 .ARM.attributes
                0x0000000000000000       0x22 c:/st/stm32cubeide_1.4.0/stm32cubeide/plugins/com.st.stm32cube.ide.mcu.externaltools.gnu-tools-for-stm32.7-2018-q2-update.win32_1.5.0.202011040924/tools/bin/../lib/gcc/arm-none-eabi/7.3.1/thumb/v7e-m/fpv4-sp/hard/crti.o
 .ARM.attributes
                0x0000000000000022       0x34 c:/st/stm32cubeide_1.4.0/stm32cubeide/plugins/com.st.stm32cube.ide.mcu.externaltools.gnu-tools-for-stm32.7-2018-q2-update.win32_1.5.0.202011040924/tools/bin/../lib/gcc/arm-none-eabi/7.3.1/thumb/v7e-m/fpv4-sp/hard/crtbegin.o
 .ARM.attributes
                0x0000000000000056       0x39 Bsp/DS3231.o
 .ARM.attributes
                0x000000000000008f       0x39 Bsp/LCD.o
 .ARM.attributes
                0x00000000000000c8       0x39 Drivers/SRC/ stm32f407xx_gpio_driver.o
 .ARM.attributes
                0x0000000000000101       0x39 Drivers/SRC/stm32f407xx_i2c_driver.o
 .ARM.attributes
                0x000000000000013a       0x39 Drivers/SRC/stm32f407xx_rcc.o
 .ARM.attributes
                0x0000000000000173       0x39 Src/clock.o
 .ARM.attributes
                0x00000000000001ac       0x39 Src/clock_menu_manager.o
 .ARM.attributes
                0x00000000000001e5       0x39 Src/keypad.o
 .ARM.attributes
                0x000000000000021e       0x21 Startup/startup_stm32f407vgtx.o
 .ARM.attributes
                0x000000000000023f       0x34 c:/st/stm32cubeide_1.4.0/stm32cubeide/plugins/com.st.stm32cube.ide.mcu.externaltools.gnu-tools-for-stm32.7-2018-q2-update.win32_1.5.0.202011040924/tools/bin/../lib/gcc/arm-none-eabi/7.3.1/../../../../arm-none-eabi/lib/thumb/v7e-m/fpv4-sp/hard\libc_nano.a(lib_a-init.o)
 .ARM.attributes
                0x0000000000000273       0x1b c:/st/stm32cubeide_1.4.0/stm32cubeide/plugins/com.st.stm32cube.ide.mcu.externaltools.gnu-tools-for-stm32.7-2018-q2-update.win32_1.5.0.202011040924/tools/bin/../lib/gcc/arm-none-eabi/7.3.1/../../../../arm-none-eabi/lib/thumb/v7e-m/fpv4-sp/hard\libc_nano.a(lib_a-strlen.o)
 .ARM.attributes
                0x000000000000028e       0x22 c:/st/stm32cubeide_1.4.0/stm32cubeide/plugins/com.st.stm32cube.ide.mcu.externaltools.gnu-tools-for-stm32.7-2018-q2-update.win32_1.5.0.202011040924/tools/bin/../lib/gcc/arm-none-eabi/7.3.1/thumb/v7e-m/fpv4-sp/hard/crtn.o
OUTPUT(stm32f4xx_Drivers.elf elf32-littlearm)

.debug_info     0x0000000000000000     0x42f2
 .debug_info    0x0000000000000000      0xcb0 Bsp/DS3231.o
 .debug_info    0x0000000000000cb0      0x387 Bsp/LCD.o
 .debug_info    0x0000000000001037      0x709 Drivers/SRC/ stm32f407xx_gpio_driver.o
 .debug_info    0x0000000000001740      0x6eb Drivers/SRC/stm32f407xx_i2c_driver.o
 .debug_info    0x0000000000001e2b      0x2dd Drivers/SRC/stm32f407xx_rcc.o
 .debug_info    0x0000000000002108     0x10c2 Src/clock.o
 .debug_info    0x00000000000031ca      0xf16 Src/clock_menu_manager.o
 .debug_info    0x00000000000040e0      0x1f0 Src/keypad.o
 .debug_info    0x00000000000042d0       0x22 Startup/startup_stm32f407vgtx.o

.debug_abbrev   0x0000000000000000      0xc79
 .debug_abbrev  0x0000000000000000      0x20a Bsp/DS3231.o
 .debug_abbrev  0x000000000000020a      0x14b Bsp/LCD.o
 .debug_abbrev  0x0000000000000355      0x157 Drivers/SRC/ stm32f407xx_gpio_driver.o
 .debug_abbrev  0x00000000000004ac      0x1c2 Drivers/SRC/stm32f407xx_i2c_driver.o
 .debug_abbrev  0x000000000000066e       0x95 Drivers/SRC/stm32f407xx_rcc.o
 .debug_abbrev  0x0000000000000703      0x2ac Src/clock.o
 .debug_abbrev  0x00000000000009af      0x213 Src/clock_menu_manager.o
 .debug_abbrev  0x0000000000000bc2       0xa5 Src/keypad.o
 .debug_abbrev  0x0000000000000c67       0x12 Startup/startup_stm32f407vgtx.o

.debug_aranges  0x0000000000000000      0x2a8
 .debug_aranges
                0x0000000000000000       0x60 Bsp/DS3231.o
 .debug_aranges
                0x0000000000000060       0x48 Bsp/LCD.o
 .debug_aranges
                0x00000000000000a8       0x60 Drivers/SRC/ stm32f407xx_gpio_driver.o
 .debug_aranges
                0x0000000000000108       0x88 Drivers/SRC/stm32f407xx_i2c_driver.o
 .debug_aranges
                0x0000000000000190       0x20 Drivers/SRC/stm32f407xx_rcc.o
 .debug_aranges
                0x00000000000001b0       0x88 Src/clock.o
 .debug_aranges
                0x0000000000000238       0x20 Src/clock_menu_manager.o
 .debug_aranges
                0x0000000000000258       0x28 Src/keypad.o
 .debug_aranges
                0x0000000000000280       0x28 Startup/startup_stm32f407vgtx.o

.debug_ranges   0x0000000000000000      0x238
 .debug_ranges  0x0000000000000000       0x50 Bsp/DS3231.o
 .debug_ranges  0x0000000000000050       0x38 Bsp/LCD.o
 .debug_ranges  0x0000000000000088       0x50 Drivers/SRC/ stm32f407xx_gpio_driver.o
 .debug_ranges  0x00000000000000d8       0x78 Drivers/SRC/stm32f407xx_i2c_driver.o
 .debug_ranges  0x0000000000000150       0x10 Drivers/SRC/stm32f407xx_rcc.o
 .debug_ranges  0x0000000000000160       0x78 Src/clock.o
 .debug_ranges  0x00000000000001d8       0x28 Src/clock_menu_manager.o
 .debug_ranges  0x0000000000000200       0x18 Src/keypad.o
 .debug_ranges  0x0000000000000218       0x20 Startup/startup_stm32f407vgtx.o

.debug_macro    0x0000000000000000     0x38ca
 .debug_macro   0x0000000000000000      0x218 Bsp/DS3231.o
 .debug_macro   0x0000000000000218      0xa66 Bsp/DS3231.o
 .debug_macro   0x0000000000000c7e       0x22 Bsp/DS3231.o
 .debug_macro   0x0000000000000ca0       0x8e Bsp/DS3231.o
 .debug_macro   0x0000000000000d2e       0x51 Bsp/DS3231.o
 .debug_macro   0x0000000000000d7f       0xef Bsp/DS3231.o
 .debug_macro   0x0000000000000e6e       0x6a Bsp/DS3231.o
 .debug_macro   0x0000000000000ed8      0x1df Bsp/DS3231.o
 .debug_macro   0x00000000000010b7      0x3f9 Bsp/DS3231.o
 .debug_macro   0x00000000000014b0      0x118 Bsp/DS3231.o
 .debug_macro   0x00000000000015c8      0x174 Bsp/DS3231.o
 .debug_macro   0x000000000000173c      0x1bc Bsp/DS3231.o
 .debug_macro   0x00000000000018f8      0x202 Bsp/DS3231.o
 .debug_macro   0x0000000000001afa       0x28 Bsp/DS3231.o
 .debug_macro   0x0000000000001b22      0x12a Bsp/DS3231.o
 .debug_macro   0x0000000000001c4c       0x46 Bsp/DS3231.o
 .debug_macro   0x0000000000001c92       0x18 Bsp/DS3231.o
 .debug_macro   0x0000000000001caa       0x3c Bsp/DS3231.o
 .debug_macro   0x0000000000001ce6       0x34 Bsp/DS3231.o
 .debug_macro   0x0000000000001d1a       0x16 Bsp/DS3231.o
 .debug_macro   0x0000000000001d30       0x97 Bsp/DS3231.o
 .debug_macro   0x0000000000001dc7      0x330 Bsp/DS3231.o
 .debug_macro   0x00000000000020f7       0xfd Bsp/DS3231.o
 .debug_macro   0x00000000000021f4       0x10 Bsp/DS3231.o
 .debug_macro   0x0000000000002204       0x52 Bsp/DS3231.o
 .debug_macro   0x0000000000002256       0x1f Bsp/DS3231.o
 .debug_macro   0x0000000000002275       0x43 Bsp/DS3231.o
 .debug_macro   0x00000000000022b8       0x20 Bsp/DS3231.o
 .debug_macro   0x00000000000022d8      0x1a3 Bsp/DS3231.o
 .debug_macro   0x000000000000247b       0x10 Bsp/DS3231.o
 .debug_macro   0x000000000000248b       0x1c Bsp/DS3231.o
 .debug_macro   0x00000000000024a7       0x52 Bsp/DS3231.o
 .debug_macro   0x00000000000024f9       0x40 Bsp/DS3231.o
 .debug_macro   0x0000000000002539       0x10 Bsp/DS3231.o
 .debug_macro   0x0000000000002549       0x40 Bsp/DS3231.o
 .debug_macro   0x0000000000002589       0xd7 Bsp/DS3231.o
 .debug_macro   0x0000000000002660       0x1c Bsp/DS3231.o
 .debug_macro   0x000000000000267c       0x3d Bsp/DS3231.o
 .debug_macro   0x00000000000026b9       0x16 Bsp/DS3231.o
 .debug_macro   0x00000000000026cf      0x145 Bsp/DS3231.o
 .debug_macro   0x0000000000002814       0xb7 Bsp/LCD.o
 .debug_macro   0x00000000000028cb       0x10 Bsp/LCD.o
 .debug_macro   0x00000000000028db       0xb8 Drivers/SRC/ stm32f407xx_gpio_driver.o
 .debug_macro   0x0000000000002993      0x16e Drivers/SRC/ stm32f407xx_gpio_driver.o
 .debug_macro   0x0000000000002b01       0xae Drivers/SRC/stm32f407xx_i2c_driver.o
 .debug_macro   0x0000000000002baf       0xb2 Drivers/SRC/stm32f407xx_rcc.o
 .debug_macro   0x0000000000002c61      0x26a Src/clock.o
 .debug_macro   0x0000000000002ecb       0x40 Src/clock.o
 .debug_macro   0x0000000000002f0b       0x94 Src/clock.o
 .debug_macro   0x0000000000002f9f       0x57 Src/clock.o
 .debug_macro   0x0000000000002ff6       0x22 Src/clock.o
 .debug_macro   0x0000000000003018       0x16 Src/clock.o
 .debug_macro   0x000000000000302e       0x35 Src/clock.o
 .debug_macro   0x0000000000003063       0x20 Src/clock.o
 .debug_macro   0x0000000000003083      0x3ff Src/clock.o
 .debug_macro   0x0000000000003482      0x130 Src/clock.o
 .debug_macro   0x00000000000035b2      0x26a Src/clock_menu_manager.o
 .debug_macro   0x000000000000381c       0xae Src/keypad.o

.debug_line     0x0000000000000000     0x360a
 .debug_line    0x0000000000000000      0x725 Bsp/DS3231.o
 .debug_line    0x0000000000000725      0x525 Bsp/LCD.o
 .debug_line    0x0000000000000c4a      0x5e1 Drivers/SRC/ stm32f407xx_gpio_driver.o
 .debug_line    0x000000000000122b      0x648 Drivers/SRC/stm32f407xx_i2c_driver.o
 .debug_line    0x0000000000001873      0x495 Drivers/SRC/stm32f407xx_rcc.o
 .debug_line    0x0000000000001d08      0x927 Src/clock.o
 .debug_line    0x000000000000262f      0xaa8 Src/clock_menu_manager.o
 .debug_line    0x00000000000030d7      0x4af Src/keypad.o
 .debug_line    0x0000000000003586       0x84 Startup/startup_stm32f407vgtx.o

.debug_str      0x0000000000000000     0xb6ca
 .debug_str     0x0000000000000000     0xab8e Bsp/DS3231.o
                                       0xae1c (size before relaxing)
 .debug_str     0x000000000000ab8e       0xe2 Bsp/LCD.o
                                       0x660f (size before relaxing)
 .debug_str     0x000000000000ac70      0x4a4 Drivers/SRC/ stm32f407xx_gpio_driver.o
                                       0x6983 (size before relaxing)
 .debug_str     0x000000000000b114      0x1c5 Drivers/SRC/stm32f407xx_i2c_driver.o
                                       0x6920 (size before relaxing)
 .debug_str     0x000000000000b2d9       0x41 Drivers/SRC/stm32f407xx_rcc.o
                                       0x66ea (size before relaxing)
 .debug_str     0x000000000000b31a      0x305 Src/clock.o
                                       0xb1ab (size before relaxing)
 .debug_str     0x000000000000b61f       0x50 Src/clock_menu_manager.o
                                       0xaf4d (size before relaxing)
 .debug_str     0x000000000000b66f       0x2a Src/keypad.o
                                       0x6609 (size before relaxing)
 .debug_str     0x000000000000b699       0x31 Startup/startup_stm32f407vgtx.o
                                         0x87 (size before relaxing)

.comment        0x0000000000000000       0x7b
 .comment       0x0000000000000000       0x7b Bsp/DS3231.o
                                         0x7c (size before relaxing)
 .comment       0x000000000000007b       0x7c Bsp/LCD.o
 .comment       0x000000000000007b       0x7c Drivers/SRC/ stm32f407xx_gpio_driver.o
 .comment       0x000000000000007b       0x7c Drivers/SRC/stm32f407xx_i2c_driver.o
 .comment       0x000000000000007b       0x7c Drivers/SRC/stm32f407xx_rcc.o
 .comment       0x000000000000007b       0x7c Src/clock.o
 .comment       0x000000000000007b       0x7c Src/clock_menu_manager.o
 .comment       0x000000000000007b       0x7c Src/keypad.o

.debug_frame    0x0000000000000000      0x8fc
 .debug_frame   0x0000000000000000      0x15c Bsp/DS3231.o
 .debug_frame   0x000000000000015c       0xf4 Bsp/LCD.o
 .debug_frame   0x0000000000000250      0x17c Drivers/SRC/ stm32f407xx_gpio_driver.o
 .debug_frame   0x00000000000003cc      0x234 Drivers/SRC/stm32f407xx_i2c_driver.o
 .debug_frame   0x0000000000000600       0x38 Drivers/SRC/stm32f407xx_rcc.o
 .debug_frame   0x0000000000000638      0x210 Src/clock.o
 .debug_frame   0x0000000000000848       0x38 Src/clock_menu_manager.o
 .debug_frame   0x0000000000000880       0x50 Src/keypad.o
 .debug_frame   0x00000000000008d0       0x2c c:/st/stm32cubeide_1.4.0/stm32cubeide/plugins/com.st.stm32cube.ide.mcu.externaltools.gnu-tools-for-stm32.7-2018-q2-update.win32_1.5.0.202011040924/tools/bin/../lib/gcc/arm-none-eabi/7.3.1/../../../../arm-none-eabi/lib/thumb/v7e-m/fpv4-sp/hard\libc_nano.a(lib_a-init.o)
